// Jest Snapshot v1, https://goo.gl/fbAQLP

exports[`Prueba de componente <GifItem> Debe de tener un t√≠tulo 1`] = `
<div>
  <div
    class="card"
  >
    <img
      alt="Saitama"
      src="https://"
    />
    <p>
      Saitama
    </p>
  </div>
</div>
`;
